Archive member included because of file (symbol)

../project_bsp/\libhal_bsp.a(alt_load.o)
                              ../project_bsp//obj/HAL/src/crt0.o (alt_load)
../project_bsp/\libhal_bsp.a(alt_main.o)
                              ../project_bsp//obj/HAL/src/crt0.o (alt_main)
../project_bsp/\libhal_bsp.a(alt_usleep.o)
                              obj/default/source.o (usleep)
../project_bsp/\libhal_bsp.a(alt_sys_init.o)
                              ../project_bsp/\libhal_bsp.a(alt_main.o) (alt_irq_init)
../project_bsp/\libhal_bsp.a(altera_avalon_jtag_uart_fd.o)
                              ../project_bsp/\libhal_bsp.a(alt_sys_init.o) (altera_avalon_jtag_uart_read_fd)
../project_bsp/\libhal_bsp.a(altera_avalon_jtag_uart_read.o)
                              ../project_bsp/\libhal_bsp.a(altera_avalon_jtag_uart_fd.o) (altera_avalon_jtag_uart_read)
../project_bsp/\libhal_bsp.a(altera_avalon_jtag_uart_write.o)
                              ../project_bsp/\libhal_bsp.a(altera_avalon_jtag_uart_fd.o) (altera_avalon_jtag_uart_write)
../project_bsp/\libhal_bsp.a(alt_busy_sleep.o)
                              ../project_bsp/\libhal_bsp.a(alt_usleep.o) (alt_busy_sleep)
../project_bsp/\libhal_bsp.a(alt_close.o)
                              ../project_bsp/\libhal_bsp.a(alt_main.o) (close)
../project_bsp/\libhal_bsp.a(alt_dcache_flush_all.o)
                              ../project_bsp/\libhal_bsp.a(alt_load.o) (alt_dcache_flush_all)
../project_bsp/\libhal_bsp.a(alt_dev.o)
                              ../project_bsp/\libhal_bsp.a(alt_sys_init.o) (alt_dev_list)
../project_bsp/\libhal_bsp.a(alt_dev_llist_insert.o)
                              ../project_bsp/\libhal_bsp.a(alt_sys_init.o) (alt_dev_llist_insert)
../project_bsp/\libhal_bsp.a(alt_do_ctors.o)
                              ../project_bsp/\libhal_bsp.a(alt_main.o) (_do_ctors)
../project_bsp/\libhal_bsp.a(alt_do_dtors.o)
                              ../project_bsp/\libhal_bsp.a(alt_main.o) (_do_dtors)
../project_bsp/\libhal_bsp.a(alt_errno.o)
                              ../project_bsp/\libhal_bsp.a(alt_close.o) (alt_errno)
../project_bsp/\libhal_bsp.a(alt_icache_flush_all.o)
                              ../project_bsp/\libhal_bsp.a(alt_load.o) (alt_icache_flush_all)
../project_bsp/\libhal_bsp.a(alt_io_redirect.o)
                              ../project_bsp/\libhal_bsp.a(alt_main.o) (alt_io_redirect)
../project_bsp/\libhal_bsp.a(alt_open.o)
                              ../project_bsp/\libhal_bsp.a(alt_io_redirect.o) (open)
../project_bsp/\libhal_bsp.a(alt_release_fd.o)
                              ../project_bsp/\libhal_bsp.a(alt_close.o) (alt_release_fd)
../project_bsp/\libhal_bsp.a(altera_nios2_qsys_irq.o)
                              ../project_bsp/\libhal_bsp.a(alt_sys_init.o) (altera_nios2_qsys_irq_init)
../project_bsp/\libhal_bsp.a(alt_find_dev.o)
                              ../project_bsp/\libhal_bsp.a(alt_open.o) (alt_find_dev)
../project_bsp/\libhal_bsp.a(alt_find_file.o)
                              ../project_bsp/\libhal_bsp.a(alt_open.o) (alt_find_file)
../project_bsp/\libhal_bsp.a(alt_get_fd.o)
                              ../project_bsp/\libhal_bsp.a(alt_open.o) (alt_get_fd)
c:/altera/13.0sp1/nios2eds/bin/gnu/h-i686-mingw32/bin/../lib/gcc/nios2-elf/4.1.2/../../../../nios2-elf/lib/mno-hw-mul\libsmallc.a(lib_a-atexit.o)
                              ../project_bsp/\libhal_bsp.a(alt_main.o) (atexit)
c:/altera/13.0sp1/nios2eds/bin/gnu/h-i686-mingw32/bin/../lib/gcc/nios2-elf/4.1.2/../../../../nios2-elf/lib/mno-hw-mul\libsmallc.a(lib_a-exit.o)
                              ../project_bsp/\libhal_bsp.a(alt_main.o) (exit)
c:/altera/13.0sp1/nios2eds/bin/gnu/h-i686-mingw32/bin/../lib/gcc/nios2-elf/4.1.2/../../../../nios2-elf/lib/mno-hw-mul\libsmallc.a(lib_a-int_errno.o)
                              ../project_bsp/\libhal_bsp.a(alt_close.o) (errno)
c:/altera/13.0sp1/nios2eds/bin/gnu/h-i686-mingw32/bin/../lib/gcc/nios2-elf/4.1.2/../../../../nios2-elf/lib/mno-hw-mul\libsmallc.a(lib_a-memcmp.o)
                              ../project_bsp/\libhal_bsp.a(alt_find_dev.o) (memcmp)
c:/altera/13.0sp1/nios2eds/bin/gnu/h-i686-mingw32/bin/../lib/gcc/nios2-elf/4.1.2/../../../../nios2-elf/lib/mno-hw-mul\libsmallc.a(lib_a-strlen.o)
                              ../project_bsp/\libhal_bsp.a(alt_find_dev.o) (strlen)
c:/altera/13.0sp1/nios2eds/bin/gnu/h-i686-mingw32/bin/../lib/gcc/nios2-elf/4.1.2/../../../../nios2-elf/lib/mno-hw-mul\libsmallc.a(lib_a-__atexit.o)
                              c:/altera/13.0sp1/nios2eds/bin/gnu/h-i686-mingw32/bin/../lib/gcc/nios2-elf/4.1.2/../../../../nios2-elf/lib/mno-hw-mul\libsmallc.a(lib_a-atexit.o) (__register_exitproc)
c:/altera/13.0sp1/nios2eds/bin/gnu/h-i686-mingw32/bin/../lib/gcc/nios2-elf/4.1.2/../../../../nios2-elf/lib/mno-hw-mul\libsmallc.a(lib_a-__call_atexit.o)
                              c:/altera/13.0sp1/nios2eds/bin/gnu/h-i686-mingw32/bin/../lib/gcc/nios2-elf/4.1.2/../../../../nios2-elf/lib/mno-hw-mul\libsmallc.a(lib_a-exit.o) (__call_exitprocs)
c:/altera/13.0sp1/nios2eds/bin/gnu/h-i686-mingw32/bin/../lib/gcc/nios2-elf/4.1.2/../../../../nios2-elf/lib/mno-hw-mul\libsmallc.a(lib_a-impure.o)
                              c:/altera/13.0sp1/nios2eds/bin/gnu/h-i686-mingw32/bin/../lib/gcc/nios2-elf/4.1.2/../../../../nios2-elf/lib/mno-hw-mul\libsmallc.a(lib_a-__atexit.o) (_global_impure_ptr)
c:/altera/13.0sp1/nios2eds/bin/gnu/h-i686-mingw32/bin/../lib/gcc/nios2-elf/4.1.2/mno-hw-mul\libgcc.a(lib2-divmod.o)
                              ../project_bsp/\libhal_bsp.a(alt_busy_sleep.o) (__udivsi3)
c:/altera/13.0sp1/nios2eds/bin/gnu/h-i686-mingw32/bin/../lib/gcc/nios2-elf/4.1.2/mno-hw-mul\libgcc.a(lib2-mul.o)
                              ../project_bsp/\libhal_bsp.a(alt_busy_sleep.o) (__mulsi3)
../project_bsp/\libhal_bsp.a(alt_exit.o)
                              c:/altera/13.0sp1/nios2eds/bin/gnu/h-i686-mingw32/bin/../lib/gcc/nios2-elf/4.1.2/../../../../nios2-elf/lib/mno-hw-mul\libsmallc.a(lib_a-exit.o) (_exit)

Allocating common symbols
Common symbol       size              file

errno               0x4               c:/altera/13.0sp1/nios2eds/bin/gnu/h-i686-mingw32/bin/../lib/gcc/nios2-elf/4.1.2/../../../../nios2-elf/lib/mno-hw-mul\libsmallc.a(lib_a-int_errno.o)
_atexit0            0x8c              c:/altera/13.0sp1/nios2eds/bin/gnu/h-i686-mingw32/bin/../lib/gcc/nios2-elf/4.1.2/../../../../nios2-elf/lib/mno-hw-mul\libsmallc.a(lib_a-atexit.o)

Memory Configuration

Name             Origin             Length             Attributes
reset            0x00008000         0x00000020
onchip_memory2_0 0x00008020         0x00007fe0
*default*        0x00000000         0xffffffff

Linker script and memory map

LOAD ../project_bsp//obj/HAL/src/crt0.o
LOAD obj/default/source.o
LOAD c:/altera/13.0sp1/nios2eds/bin/gnu/h-i686-mingw32/bin/../lib/gcc/nios2-elf/4.1.2/../../../../nios2-elf/lib/mno-hw-mul\libstdc++.a
LOAD c:/altera/13.0sp1/nios2eds/bin/gnu/h-i686-mingw32/bin/../lib/gcc/nios2-elf/4.1.2/../../../../nios2-elf/lib/mno-hw-mul\libm.a
LOAD c:/altera/13.0sp1/nios2eds/bin/gnu/h-i686-mingw32/bin/../lib/gcc/nios2-elf/4.1.2/mno-hw-mul\libgcc.a
START GROUP
LOAD c:/altera/13.0sp1/nios2eds/bin/gnu/h-i686-mingw32/bin/../lib/gcc/nios2-elf/4.1.2/../../../../nios2-elf/lib/mno-hw-mul\libsmallc.a
LOAD c:/altera/13.0sp1/nios2eds/bin/gnu/h-i686-mingw32/bin/../lib/gcc/nios2-elf/4.1.2/mno-hw-mul\libgcc.a
LOAD ../project_bsp/\libhal_bsp.a
END GROUP
LOAD c:/altera/13.0sp1/nios2eds/bin/gnu/h-i686-mingw32/bin/../lib/gcc/nios2-elf/4.1.2/mno-hw-mul\libgcc.a
                0x00008000                __alt_mem_onchip_memory2_0 = 0x8000

.entry          0x00008000       0x20
 *(.entry)
 .entry         0x00008000       0x20 ../project_bsp//obj/HAL/src/crt0.o
                0x00008000                __reset

.exceptions     0x00008020        0x0
                0x00008020                PROVIDE (__ram_exceptions_start, ABSOLUTE (.))
                0x00008020                . = ALIGN (0x20)
 *(.irq)
 *(.exceptions.entry.label)
 *(.exceptions.entry.user)
 *(.exceptions.entry)
 *(.exceptions.irqtest.user)
 *(.exceptions.irqtest)
 *(.exceptions.irqhandler.user)
 *(.exceptions.irqhandler)
 *(.exceptions.irqreturn.user)
 *(.exceptions.irqreturn)
 *(.exceptions.notirq.label)
 *(.exceptions.notirq.user)
 *(.exceptions.notirq)
 *(.exceptions.soft.user)
 *(.exceptions.soft)
 *(.exceptions.unknown.user)
 *(.exceptions.unknown)
 *(.exceptions.exit.label)
 *(.exceptions.exit.user)
 *(.exceptions.exit)
 *(.exceptions)
                0x00008020                PROVIDE (__ram_exceptions_end, ABSOLUTE (.))
                0x00008020                PROVIDE (__flash_exceptions_start, LOADADDR (.exceptions))

.text           0x00008020     0x176c
                0x00008020                PROVIDE (stext, ABSOLUTE (.))
 *(.interp)
 *(.hash)
 *(.dynsym)
 *(.dynstr)
 *(.gnu.version)
 *(.gnu.version_d)
 *(.gnu.version_r)
 *(.rel.init)
 *(.rela.init)
 *(.rel.text .rel.text.* .rel.gnu.linkonce.t.*)
 *(.rela.text .rela.text.* .rela.gnu.linkonce.t.*)
 *(.rel.fini)
 *(.rela.fini)
 *(.rel.rodata .rel.rodata.* .rel.gnu.linkonce.r.*)
 *(.rela.rodata .rela.rodata.* .rela.gnu.linkonce.r.*)
 *(.rel.data .rel.data.* .rel.gnu.linkonce.d.*)
 *(.rela.data .rela.data.* .rela.gnu.linkonce.d.*)
 *(.rel.tdata .rel.tdata.* .rel.gnu.linkonce.td.*)
 *(.rela.tdata .rela.tdata.* .rela.gnu.linkonce.td.*)
 *(.rel.tbss .rel.tbss.* .rel.gnu.linkonce.tb.*)
 *(.rela.tbss .rela.tbss.* .rela.gnu.linkonce.tb.*)
 *(.rel.ctors)
 *(.rela.ctors)
 *(.rel.dtors)
 *(.rela.dtors)
 *(.rel.got)
 *(.rela.got)
 *(.rel.sdata .rel.sdata.* .rel.gnu.linkonce.s.*)
 *(.rela.sdata .rela.sdata.* .rela.gnu.linkonce.s.*)
 *(.rel.sbss .rel.sbss.* .rel.gnu.linkonce.sb.*)
 *(.rela.sbss .rela.sbss.* .rela.gnu.linkonce.sb.*)
 *(.rel.sdata2 .rel.sdata2.* .rel.gnu.linkonce.s2.*)
 *(.rela.sdata2 .rela.sdata2.* .rela.gnu.linkonce.s2.*)
 *(.rel.sbss2 .rel.sbss2.* .rel.gnu.linkonce.sb2.*)
 *(.rela.sbss2 .rela.sbss2.* .rela.gnu.linkonce.sb2.*)
 *(.rel.bss .rel.bss.* .rel.gnu.linkonce.b.*)
 *(.rela.bss .rela.bss.* .rela.gnu.linkonce.b.*)
 *(.rel.plt)
 *(.rela.plt)
 *(.rel.dyn)
 *(.init)
 *(.plt)
 *(.text .stub .text.* .gnu.linkonce.t.*)
 .text          0x00008020       0x3c ../project_bsp//obj/HAL/src/crt0.o
                0x00008020                _start
 .text          0x0000805c       0xc4 obj/default/source.o
                0x0000805c                main
 .text          0x00008120       0xec ../project_bsp/\libhal_bsp.a(alt_load.o)
                0x00008120                alt_load
 .text          0x0000820c       0x6c ../project_bsp/\libhal_bsp.a(alt_main.o)
                0x0000820c                alt_main
 .text          0x00008278       0x30 ../project_bsp/\libhal_bsp.a(alt_usleep.o)
                0x00008278                usleep
 .text          0x000082a8       0x9c ../project_bsp/\libhal_bsp.a(alt_sys_init.o)
                0x000082a8                alt_irq_init
                0x000082dc                alt_sys_init
 .text          0x00008344       0xb0 ../project_bsp/\libhal_bsp.a(altera_avalon_jtag_uart_fd.o)
                0x00008344                altera_avalon_jtag_uart_read_fd
                0x0000839c                altera_avalon_jtag_uart_write_fd
 .text          0x000083f4      0x104 ../project_bsp/\libhal_bsp.a(altera_avalon_jtag_uart_read.o)
                0x000083f4                altera_avalon_jtag_uart_read
 .text          0x000084f8       0xa4 ../project_bsp/\libhal_bsp.a(altera_avalon_jtag_uart_write.o)
                0x000084f8                altera_avalon_jtag_uart_write
 .text          0x0000859c      0x15c ../project_bsp/\libhal_bsp.a(alt_busy_sleep.o)
                0x0000859c                alt_busy_sleep
 .text          0x000086f8      0x160 ../project_bsp/\libhal_bsp.a(alt_close.o)
                0x000086f8                close
 .text          0x00008858       0x1c ../project_bsp/\libhal_bsp.a(alt_dcache_flush_all.o)
                0x00008858                alt_dcache_flush_all
 .text          0x00008874       0x2c ../project_bsp/\libhal_bsp.a(alt_dev.o)
 .text          0x000088a0      0x114 ../project_bsp/\libhal_bsp.a(alt_dev_llist_insert.o)
                0x000088a0                alt_dev_llist_insert
 .text          0x000089b4       0x64 ../project_bsp/\libhal_bsp.a(alt_do_ctors.o)
                0x000089b4                _do_ctors
 .text          0x00008a18       0x64 ../project_bsp/\libhal_bsp.a(alt_do_dtors.o)
                0x00008a18                _do_dtors
 .text          0x00008a7c        0x0 ../project_bsp/\libhal_bsp.a(alt_errno.o)
 .text          0x00008a7c       0x1c ../project_bsp/\libhal_bsp.a(alt_icache_flush_all.o)
                0x00008a7c                alt_icache_flush_all
 .text          0x00008a98      0x150 ../project_bsp/\libhal_bsp.a(alt_io_redirect.o)
                0x00008b70                alt_io_redirect
 .text          0x00008be8      0x2e4 ../project_bsp/\libhal_bsp.a(alt_open.o)
                0x00008ce0                open
 .text          0x00008ecc       0x78 ../project_bsp/\libhal_bsp.a(alt_release_fd.o)
                0x00008ecc                alt_release_fd
 .text          0x00008f44       0x20 ../project_bsp/\libhal_bsp.a(altera_nios2_qsys_irq.o)
                0x00008f44                altera_nios2_qsys_irq_init
 .text          0x00008f64       0x94 ../project_bsp/\libhal_bsp.a(alt_find_dev.o)
                0x00008f64                alt_find_dev
 .text          0x00008ff8      0x120 ../project_bsp/\libhal_bsp.a(alt_find_file.o)
                0x00008ff8                alt_find_file
 .text          0x00009118       0xd0 ../project_bsp/\libhal_bsp.a(alt_get_fd.o)
                0x00009118                alt_get_fd
 .text          0x000091e8       0x14 c:/altera/13.0sp1/nios2eds/bin/gnu/h-i686-mingw32/bin/../lib/gcc/nios2-elf/4.1.2/../../../../nios2-elf/lib/mno-hw-mul\libsmallc.a(lib_a-atexit.o)
                0x000091e8                atexit
 .text          0x000091fc       0x20 c:/altera/13.0sp1/nios2eds/bin/gnu/h-i686-mingw32/bin/../lib/gcc/nios2-elf/4.1.2/../../../../nios2-elf/lib/mno-hw-mul\libsmallc.a(lib_a-exit.o)
                0x000091fc                exit
 .text          0x0000921c        0x0 c:/altera/13.0sp1/nios2eds/bin/gnu/h-i686-mingw32/bin/../lib/gcc/nios2-elf/4.1.2/../../../../nios2-elf/lib/mno-hw-mul\libsmallc.a(lib_a-int_errno.o)
 .text          0x0000921c       0x3c c:/altera/13.0sp1/nios2eds/bin/gnu/h-i686-mingw32/bin/../lib/gcc/nios2-elf/4.1.2/../../../../nios2-elf/lib/mno-hw-mul\libsmallc.a(lib_a-memcmp.o)
                0x0000921c                memcmp
 .text          0x00009258       0x20 c:/altera/13.0sp1/nios2eds/bin/gnu/h-i686-mingw32/bin/../lib/gcc/nios2-elf/4.1.2/../../../../nios2-elf/lib/mno-hw-mul\libsmallc.a(lib_a-strlen.o)
                0x00009258                strlen
 .text          0x00009278      0x16c c:/altera/13.0sp1/nios2eds/bin/gnu/h-i686-mingw32/bin/../lib/gcc/nios2-elf/4.1.2/../../../../nios2-elf/lib/mno-hw-mul\libsmallc.a(lib_a-__atexit.o)
                0x00009278                __register_exitproc
 .text          0x000093e4      0x1c0 c:/altera/13.0sp1/nios2eds/bin/gnu/h-i686-mingw32/bin/../lib/gcc/nios2-elf/4.1.2/../../../../nios2-elf/lib/mno-hw-mul\libsmallc.a(lib_a-__call_atexit.o)
                0x000093e8                __call_exitprocs
 .text          0x000095a4        0x0 c:/altera/13.0sp1/nios2eds/bin/gnu/h-i686-mingw32/bin/../lib/gcc/nios2-elf/4.1.2/../../../../nios2-elf/lib/mno-hw-mul\libsmallc.a(lib_a-impure.o)
 .text          0x000095a4      0x14c c:/altera/13.0sp1/nios2eds/bin/gnu/h-i686-mingw32/bin/../lib/gcc/nios2-elf/4.1.2/mno-hw-mul\libgcc.a(lib2-divmod.o)
                0x00009620                __divsi3
                0x00009680                __modsi3
                0x000096e0                __udivsi3
                0x000096e8                __umodsi3
 .text          0x000096f0       0x38 c:/altera/13.0sp1/nios2eds/bin/gnu/h-i686-mingw32/bin/../lib/gcc/nios2-elf/4.1.2/mno-hw-mul\libgcc.a(lib2-mul.o)
                0x000096f0                __mulsi3
 .text          0x00009728       0x60 ../project_bsp/\libhal_bsp.a(alt_exit.o)
                0x00009768                _exit
 *(.gnu.warning.*)
 *(.fini)
                0x00009788                PROVIDE (__etext, ABSOLUTE (.))
                0x00009788                PROVIDE (_etext, ABSOLUTE (.))
                0x00009788                PROVIDE (etext, ABSOLUTE (.))
 *(.eh_frame_hdr)
                0x00009788                . = ALIGN (0x4)
                0x00009788                PROVIDE (__preinit_array_start, ABSOLUTE (.))
 *(.preinit_array)
                0x00009788                PROVIDE (__preinit_array_end, ABSOLUTE (.))
                0x00009788                PROVIDE (__init_array_start, ABSOLUTE (.))
 *(.init_array)
                0x00009788                PROVIDE (__init_array_end, ABSOLUTE (.))
                0x00009788                PROVIDE (__fini_array_start, ABSOLUTE (.))
 *(.fini_array)
                0x00009788                PROVIDE (__fini_array_end, ABSOLUTE (.))
 *(.eh_frame)
 *(.gcc_except_table)
 *(.dynamic)
                0x00009788                PROVIDE (__CTOR_LIST__, ABSOLUTE (.))
 *(.ctors)
 *(SORT(.ctors.*))
 .ctors.65535   0x00009788        0x4 c:/altera/13.0sp1/nios2eds/bin/gnu/h-i686-mingw32/bin/../lib/gcc/nios2-elf/4.1.2/../../../../nios2-elf/lib/mno-hw-mul\libsmallc.a(lib_a-__call_atexit.o)
                0x0000978c                PROVIDE (__CTOR_END__, ABSOLUTE (.))
                0x0000978c                PROVIDE (__DTOR_LIST__, ABSOLUTE (.))
 *(.dtors)
 *(SORT(.dtors.*))
                0x0000978c                PROVIDE (__DTOR_END__, ABSOLUTE (.))
 *(.jcr)
                0x0000978c                . = ALIGN (0x4)

.rodata         0x0000978c       0x34
                0x0000978c                PROVIDE (__ram_rodata_start, ABSOLUTE (.))
                0x0000978c                . = ALIGN (0x4)
 *(.rodata .rodata.* .gnu.linkonce.r.*)
 .rodata        0x0000978c       0x14 ../project_bsp/\libhal_bsp.a(alt_main.o)
 .rodata        0x000097a0       0x14 ../project_bsp/\libhal_bsp.a(alt_sys_init.o)
 .rodata        0x000097b4        0xc ../project_bsp/\libhal_bsp.a(alt_dev.o)
 *(.rodata1)
                0x000097c0                . = ALIGN (0x4)
                0x000097c0                PROVIDE (__ram_rodata_end, ABSOLUTE (.))
                0x0000978c                PROVIDE (__flash_rodata_start, LOADADDR (.rodata))

.rwdata         0x000097c0      0x2d4 load address 0x00009a94
                0x000097c0                PROVIDE (__ram_rwdata_start, ABSOLUTE (.))
                0x000097c0                . = ALIGN (0x4)
 *(.got.plt)
 *(.got)
 *(.data1)
 *(.data .data.* .gnu.linkonce.d.*)
 .data          0x000097c0        0x0 ../project_bsp//obj/HAL/src/crt0.o
 .data          0x000097c0        0x0 obj/default/source.o
 .data          0x000097c0        0x0 ../project_bsp/\libhal_bsp.a(alt_load.o)
 .data          0x000097c0        0x0 ../project_bsp/\libhal_bsp.a(alt_main.o)
 .data          0x000097c0        0x0 ../project_bsp/\libhal_bsp.a(alt_usleep.o)
 .data          0x000097c0       0x2c ../project_bsp/\libhal_bsp.a(alt_sys_init.o)
 .data          0x000097ec        0x0 ../project_bsp/\libhal_bsp.a(altera_avalon_jtag_uart_fd.o)
 .data          0x000097ec        0x0 ../project_bsp/\libhal_bsp.a(altera_avalon_jtag_uart_read.o)
 .data          0x000097ec        0x0 ../project_bsp/\libhal_bsp.a(altera_avalon_jtag_uart_write.o)
 .data          0x000097ec        0x0 ../project_bsp/\libhal_bsp.a(alt_busy_sleep.o)
 .data          0x000097ec        0x0 ../project_bsp/\libhal_bsp.a(alt_close.o)
 .data          0x000097ec        0x0 ../project_bsp/\libhal_bsp.a(alt_dcache_flush_all.o)
 .data          0x000097ec      0x1a8 ../project_bsp/\libhal_bsp.a(alt_dev.o)
                0x000097ec                alt_dev_null
                0x00009814                alt_fd_list
 .data          0x00009994        0x0 ../project_bsp/\libhal_bsp.a(alt_dev_llist_insert.o)
 .data          0x00009994        0x0 ../project_bsp/\libhal_bsp.a(alt_do_ctors.o)
 .data          0x00009994        0x0 ../project_bsp/\libhal_bsp.a(alt_do_dtors.o)
 .data          0x00009994        0x0 ../project_bsp/\libhal_bsp.a(alt_errno.o)
 .data          0x00009994        0x0 ../project_bsp/\libhal_bsp.a(alt_icache_flush_all.o)
 .data          0x00009994        0x0 ../project_bsp/\libhal_bsp.a(alt_io_redirect.o)
 .data          0x00009994        0x0 ../project_bsp/\libhal_bsp.a(alt_open.o)
 .data          0x00009994        0x0 ../project_bsp/\libhal_bsp.a(alt_release_fd.o)
 .data          0x00009994        0x0 ../project_bsp/\libhal_bsp.a(altera_nios2_qsys_irq.o)
 .data          0x00009994        0x0 ../project_bsp/\libhal_bsp.a(alt_find_dev.o)
 .data          0x00009994        0x0 ../project_bsp/\libhal_bsp.a(alt_find_file.o)
 .data          0x00009994        0x0 ../project_bsp/\libhal_bsp.a(alt_get_fd.o)
 .data          0x00009994        0x0 c:/altera/13.0sp1/nios2eds/bin/gnu/h-i686-mingw32/bin/../lib/gcc/nios2-elf/4.1.2/../../../../nios2-elf/lib/mno-hw-mul\libsmallc.a(lib_a-atexit.o)
 .data          0x00009994        0x0 c:/altera/13.0sp1/nios2eds/bin/gnu/h-i686-mingw32/bin/../lib/gcc/nios2-elf/4.1.2/../../../../nios2-elf/lib/mno-hw-mul\libsmallc.a(lib_a-exit.o)
 .data          0x00009994        0x0 c:/altera/13.0sp1/nios2eds/bin/gnu/h-i686-mingw32/bin/../lib/gcc/nios2-elf/4.1.2/../../../../nios2-elf/lib/mno-hw-mul\libsmallc.a(lib_a-int_errno.o)
 .data          0x00009994        0x0 c:/altera/13.0sp1/nios2eds/bin/gnu/h-i686-mingw32/bin/../lib/gcc/nios2-elf/4.1.2/../../../../nios2-elf/lib/mno-hw-mul\libsmallc.a(lib_a-memcmp.o)
 .data          0x00009994        0x0 c:/altera/13.0sp1/nios2eds/bin/gnu/h-i686-mingw32/bin/../lib/gcc/nios2-elf/4.1.2/../../../../nios2-elf/lib/mno-hw-mul\libsmallc.a(lib_a-strlen.o)
 .data          0x00009994        0x0 c:/altera/13.0sp1/nios2eds/bin/gnu/h-i686-mingw32/bin/../lib/gcc/nios2-elf/4.1.2/../../../../nios2-elf/lib/mno-hw-mul\libsmallc.a(lib_a-__atexit.o)
 .data          0x00009994        0x0 c:/altera/13.0sp1/nios2eds/bin/gnu/h-i686-mingw32/bin/../lib/gcc/nios2-elf/4.1.2/../../../../nios2-elf/lib/mno-hw-mul\libsmallc.a(lib_a-__call_atexit.o)
 .data          0x00009994       0xe0 c:/altera/13.0sp1/nios2eds/bin/gnu/h-i686-mingw32/bin/../lib/gcc/nios2-elf/4.1.2/../../../../nios2-elf/lib/mno-hw-mul\libsmallc.a(lib_a-impure.o)
 .data          0x00009a74        0x0 c:/altera/13.0sp1/nios2eds/bin/gnu/h-i686-mingw32/bin/../lib/gcc/nios2-elf/4.1.2/mno-hw-mul\libgcc.a(lib2-divmod.o)
 .data          0x00009a74        0x0 c:/altera/13.0sp1/nios2eds/bin/gnu/h-i686-mingw32/bin/../lib/gcc/nios2-elf/4.1.2/mno-hw-mul\libgcc.a(lib2-mul.o)
 .data          0x00009a74        0x0 ../project_bsp/\libhal_bsp.a(alt_exit.o)
                0x00011a74                _gp = ABSOLUTE ((. + 0x8000))
                0x00011a74                PROVIDE (gp, _gp)
 *(.rwdata .rwdata.*)
 *(.sdata .sdata.* .gnu.linkonce.s.*)
 .sdata         0x00009a74       0x14 ../project_bsp/\libhal_bsp.a(alt_dev.o)
                0x00009a74                alt_fs_list
                0x00009a7c                alt_dev_list
                0x00009a84                alt_max_fd
 .sdata         0x00009a88        0x4 ../project_bsp/\libhal_bsp.a(alt_errno.o)
                0x00009a88                alt_errno
 .sdata         0x00009a8c        0x8 c:/altera/13.0sp1/nios2eds/bin/gnu/h-i686-mingw32/bin/../lib/gcc/nios2-elf/4.1.2/../../../../nios2-elf/lib/mno-hw-mul\libsmallc.a(lib_a-impure.o)
                0x00009a8c                _impure_ptr
                0x00009a90                _global_impure_ptr
 *(.sdata2 .sdata2.* .gnu.linkonce.s2.*)
                0x00009a94                . = ALIGN (0x4)
                0x00009a94                _edata = ABSOLUTE (.)
                0x00009a94                PROVIDE (edata, ABSOLUTE (.))
                0x00009a94                PROVIDE (__ram_rwdata_end, ABSOLUTE (.))
                0x00009a94                PROVIDE (__flash_rwdata_start, LOADADDR (.rwdata))

.bss            0x00009d68       0x9c
                0x00009d68                __bss_start = ABSOLUTE (.)
                0x00009d68                PROVIDE (__sbss_start, ABSOLUTE (.))
                0x00009d68                PROVIDE (___sbss_start, ABSOLUTE (.))
 *(.dynsbss)
 *(.sbss .sbss.* .gnu.linkonce.sb.*)
 .sbss          0x00009d68        0xc ../project_bsp/\libhal_bsp.a(alt_main.o)
                0x00009d68                alt_argc
                0x00009d6c                alt_argv
                0x00009d70                alt_envp
 .sbss          0x00009d74        0x4 c:/altera/13.0sp1/nios2eds/bin/gnu/h-i686-mingw32/bin/../lib/gcc/nios2-elf/4.1.2/../../../../nios2-elf/lib/mno-hw-mul\libsmallc.a(lib_a-int_errno.o)
                0x00009d74                errno
 *(.sbss2 .sbss2.* .gnu.linkonce.sb2.*)
 *(.scommon)
                0x00009d78                PROVIDE (__sbss_end, ABSOLUTE (.))
                0x00009d78                PROVIDE (___sbss_end, ABSOLUTE (.))
 *(.dynbss)
 *(.bss .bss.* .gnu.linkonce.b.*)
 .bss           0x00009d78        0x0 ../project_bsp//obj/HAL/src/crt0.o
 .bss           0x00009d78        0x0 obj/default/source.o
 .bss           0x00009d78        0x0 ../project_bsp/\libhal_bsp.a(alt_load.o)
 .bss           0x00009d78        0x0 ../project_bsp/\libhal_bsp.a(alt_main.o)
 .bss           0x00009d78        0x0 ../project_bsp/\libhal_bsp.a(alt_usleep.o)
 .bss           0x00009d78        0x0 ../project_bsp/\libhal_bsp.a(alt_sys_init.o)
 .bss           0x00009d78        0x0 ../project_bsp/\libhal_bsp.a(altera_avalon_jtag_uart_fd.o)
 .bss           0x00009d78        0x0 ../project_bsp/\libhal_bsp.a(altera_avalon_jtag_uart_read.o)
 .bss           0x00009d78        0x0 ../project_bsp/\libhal_bsp.a(altera_avalon_jtag_uart_write.o)
 .bss           0x00009d78        0x0 ../project_bsp/\libhal_bsp.a(alt_busy_sleep.o)
 .bss           0x00009d78        0x0 ../project_bsp/\libhal_bsp.a(alt_close.o)
 .bss           0x00009d78        0x0 ../project_bsp/\libhal_bsp.a(alt_dcache_flush_all.o)
 .bss           0x00009d78        0x0 ../project_bsp/\libhal_bsp.a(alt_dev.o)
 .bss           0x00009d78        0x0 ../project_bsp/\libhal_bsp.a(alt_dev_llist_insert.o)
 .bss           0x00009d78        0x0 ../project_bsp/\libhal_bsp.a(alt_do_ctors.o)
 .bss           0x00009d78        0x0 ../project_bsp/\libhal_bsp.a(alt_do_dtors.o)
 .bss           0x00009d78        0x0 ../project_bsp/\libhal_bsp.a(alt_errno.o)
 .bss           0x00009d78        0x0 ../project_bsp/\libhal_bsp.a(alt_icache_flush_all.o)
 .bss           0x00009d78        0x0 ../project_bsp/\libhal_bsp.a(alt_io_redirect.o)
 .bss           0x00009d78        0x0 ../project_bsp/\libhal_bsp.a(alt_open.o)
 .bss           0x00009d78        0x0 ../project_bsp/\libhal_bsp.a(alt_release_fd.o)
 .bss           0x00009d78        0x0 ../project_bsp/\libhal_bsp.a(altera_nios2_qsys_irq.o)
 .bss           0x00009d78        0x0 ../project_bsp/\libhal_bsp.a(alt_find_dev.o)
 .bss           0x00009d78        0x0 ../project_bsp/\libhal_bsp.a(alt_find_file.o)
 .bss           0x00009d78        0x0 ../project_bsp/\libhal_bsp.a(alt_get_fd.o)
 .bss           0x00009d78        0x0 c:/altera/13.0sp1/nios2eds/bin/gnu/h-i686-mingw32/bin/../lib/gcc/nios2-elf/4.1.2/../../../../nios2-elf/lib/mno-hw-mul\libsmallc.a(lib_a-atexit.o)
 .bss           0x00009d78        0x0 c:/altera/13.0sp1/nios2eds/bin/gnu/h-i686-mingw32/bin/../lib/gcc/nios2-elf/4.1.2/../../../../nios2-elf/lib/mno-hw-mul\libsmallc.a(lib_a-exit.o)
 .bss           0x00009d78        0x0 c:/altera/13.0sp1/nios2eds/bin/gnu/h-i686-mingw32/bin/../lib/gcc/nios2-elf/4.1.2/../../../../nios2-elf/lib/mno-hw-mul\libsmallc.a(lib_a-int_errno.o)
 .bss           0x00009d78        0x0 c:/altera/13.0sp1/nios2eds/bin/gnu/h-i686-mingw32/bin/../lib/gcc/nios2-elf/4.1.2/../../../../nios2-elf/lib/mno-hw-mul\libsmallc.a(lib_a-memcmp.o)
 .bss           0x00009d78        0x0 c:/altera/13.0sp1/nios2eds/bin/gnu/h-i686-mingw32/bin/../lib/gcc/nios2-elf/4.1.2/../../../../nios2-elf/lib/mno-hw-mul\libsmallc.a(lib_a-strlen.o)
 .bss           0x00009d78        0x0 c:/altera/13.0sp1/nios2eds/bin/gnu/h-i686-mingw32/bin/../lib/gcc/nios2-elf/4.1.2/../../../../nios2-elf/lib/mno-hw-mul\libsmallc.a(lib_a-__atexit.o)
 .bss           0x00009d78        0x0 c:/altera/13.0sp1/nios2eds/bin/gnu/h-i686-mingw32/bin/../lib/gcc/nios2-elf/4.1.2/../../../../nios2-elf/lib/mno-hw-mul\libsmallc.a(lib_a-__call_atexit.o)
 .bss           0x00009d78        0x0 c:/altera/13.0sp1/nios2eds/bin/gnu/h-i686-mingw32/bin/../lib/gcc/nios2-elf/4.1.2/../../../../nios2-elf/lib/mno-hw-mul\libsmallc.a(lib_a-impure.o)
 .bss           0x00009d78        0x0 c:/altera/13.0sp1/nios2eds/bin/gnu/h-i686-mingw32/bin/../lib/gcc/nios2-elf/4.1.2/mno-hw-mul\libgcc.a(lib2-divmod.o)
 .bss           0x00009d78        0x0 c:/altera/13.0sp1/nios2eds/bin/gnu/h-i686-mingw32/bin/../lib/gcc/nios2-elf/4.1.2/mno-hw-mul\libgcc.a(lib2-mul.o)
 .bss           0x00009d78        0x0 ../project_bsp/\libhal_bsp.a(alt_exit.o)
 *(COMMON)
 COMMON         0x00009d78       0x8c c:/altera/13.0sp1/nios2eds/bin/gnu/h-i686-mingw32/bin/../lib/gcc/nios2-elf/4.1.2/../../../../nios2-elf/lib/mno-hw-mul\libsmallc.a(lib_a-atexit.o)
                0x00009d78                _atexit0
                0x00009e04                . = ALIGN (0x4)
                0x00009e04                __bss_end = ABSOLUTE (.)

.onchip_memory2_0
                0x00009e04        0x0
                0x00009e04                PROVIDE (_alt_partition_onchip_memory2_0_start, ABSOLUTE (.))
 *(.onchip_memory2_0. onchip_memory2_0.*)
                0x00009e04                . = ALIGN (0x4)
                0x00009e04                PROVIDE (_alt_partition_onchip_memory2_0_end, ABSOLUTE (.))
                0x00009e04                _end = ABSOLUTE (.)
                0x00009e04                end = ABSOLUTE (.)
                0x00009e04                __alt_stack_base = ABSOLUTE (.)
                0x00009e04                PROVIDE (_alt_partition_onchip_memory2_0_load_addr, LOADADDR (.onchip_memory2_0))

.stab
 *(.stab)

.stabstr
 *(.stabstr)

.stab.excl
 *(.stab.excl)

.stab.exclstr
 *(.stab.exclstr)

.stab.index
 *(.stab.index)

.stab.indexstr
 *(.stab.indexstr)

.comment        0x00000000       0x26
 *(.comment)
 .comment       0x00000000       0x26 obj/default/source.o
                                 0x27 (size before relaxing)
 .comment       0x00000000       0x27 ../project_bsp/\libhal_bsp.a(alt_load.o)
 .comment       0x00000000       0x27 ../project_bsp/\libhal_bsp.a(alt_main.o)
 .comment       0x00000000       0x27 ../project_bsp/\libhal_bsp.a(alt_usleep.o)
 .comment       0x00000000       0x27 ../project_bsp/\libhal_bsp.a(alt_sys_init.o)
 .comment       0x00000000       0x27 ../project_bsp/\libhal_bsp.a(altera_avalon_jtag_uart_fd.o)
 .comment       0x00000000       0x27 ../project_bsp/\libhal_bsp.a(altera_avalon_jtag_uart_read.o)
 .comment       0x00000000       0x27 ../project_bsp/\libhal_bsp.a(altera_avalon_jtag_uart_write.o)
 .comment       0x00000000       0x27 ../project_bsp/\libhal_bsp.a(alt_busy_sleep.o)
 .comment       0x00000000       0x27 ../project_bsp/\libhal_bsp.a(alt_close.o)
 .comment       0x00000000       0x27 ../project_bsp/\libhal_bsp.a(alt_dcache_flush_all.o)
 .comment       0x00000000       0x27 ../project_bsp/\libhal_bsp.a(alt_dev.o)
 .comment       0x00000000       0x27 ../project_bsp/\libhal_bsp.a(alt_dev_llist_insert.o)
 .comment       0x00000000       0x27 ../project_bsp/\libhal_bsp.a(alt_do_ctors.o)
 .comment       0x00000000       0x27 ../project_bsp/\libhal_bsp.a(alt_do_dtors.o)
 .comment       0x00000000       0x27 ../project_bsp/\libhal_bsp.a(alt_errno.o)
 .comment       0x00000000       0x27 ../project_bsp/\libhal_bsp.a(alt_icache_flush_all.o)
 .comment       0x00000000       0x27 ../project_bsp/\libhal_bsp.a(alt_io_redirect.o)
 .comment       0x00000000       0x27 ../project_bsp/\libhal_bsp.a(alt_open.o)
 .comment       0x00000000       0x27 ../project_bsp/\libhal_bsp.a(alt_release_fd.o)
 .comment       0x00000000       0x27 ../project_bsp/\libhal_bsp.a(altera_nios2_qsys_irq.o)
 .comment       0x00000000       0x27 ../project_bsp/\libhal_bsp.a(alt_find_dev.o)
 .comment       0x00000000       0x27 ../project_bsp/\libhal_bsp.a(alt_find_file.o)
 .comment       0x00000000       0x27 ../project_bsp/\libhal_bsp.a(alt_get_fd.o)
 .comment       0x00000000       0x27 c:/altera/13.0sp1/nios2eds/bin/gnu/h-i686-mingw32/bin/../lib/gcc/nios2-elf/4.1.2/../../../../nios2-elf/lib/mno-hw-mul\libsmallc.a(lib_a-atexit.o)
 .comment       0x00000000       0x27 c:/altera/13.0sp1/nios2eds/bin/gnu/h-i686-mingw32/bin/../lib/gcc/nios2-elf/4.1.2/../../../../nios2-elf/lib/mno-hw-mul\libsmallc.a(lib_a-exit.o)
 .comment       0x00000000       0x27 c:/altera/13.0sp1/nios2eds/bin/gnu/h-i686-mingw32/bin/../lib/gcc/nios2-elf/4.1.2/../../../../nios2-elf/lib/mno-hw-mul\libsmallc.a(lib_a-int_errno.o)
 .comment       0x00000000       0x27 c:/altera/13.0sp1/nios2eds/bin/gnu/h-i686-mingw32/bin/../lib/gcc/nios2-elf/4.1.2/../../../../nios2-elf/lib/mno-hw-mul\libsmallc.a(lib_a-memcmp.o)
 .comment       0x00000000       0x27 c:/altera/13.0sp1/nios2eds/bin/gnu/h-i686-mingw32/bin/../lib/gcc/nios2-elf/4.1.2/../../../../nios2-elf/lib/mno-hw-mul\libsmallc.a(lib_a-strlen.o)
 .comment       0x00000000       0x27 c:/altera/13.0sp1/nios2eds/bin/gnu/h-i686-mingw32/bin/../lib/gcc/nios2-elf/4.1.2/../../../../nios2-elf/lib/mno-hw-mul\libsmallc.a(lib_a-__atexit.o)
 .comment       0x00000000       0x27 c:/altera/13.0sp1/nios2eds/bin/gnu/h-i686-mingw32/bin/../lib/gcc/nios2-elf/4.1.2/../../../../nios2-elf/lib/mno-hw-mul\libsmallc.a(lib_a-__call_atexit.o)
 .comment       0x00000000       0x27 c:/altera/13.0sp1/nios2eds/bin/gnu/h-i686-mingw32/bin/../lib/gcc/nios2-elf/4.1.2/../../../../nios2-elf/lib/mno-hw-mul\libsmallc.a(lib_a-impure.o)
 .comment       0x00000000       0x27 c:/altera/13.0sp1/nios2eds/bin/gnu/h-i686-mingw32/bin/../lib/gcc/nios2-elf/4.1.2/mno-hw-mul\libgcc.a(lib2-divmod.o)
 .comment       0x00000000       0x27 c:/altera/13.0sp1/nios2eds/bin/gnu/h-i686-mingw32/bin/../lib/gcc/nios2-elf/4.1.2/mno-hw-mul\libgcc.a(lib2-mul.o)
 .comment       0x00000000       0x27 ../project_bsp/\libhal_bsp.a(alt_exit.o)

.debug
 *(.debug)

.line
 *(.line)

.debug_srcinfo
 *(.debug_srcinfo)

.debug_sfnames
 *(.debug_sfnames)

.debug_aranges  0x00000000      0x428
 *(.debug_aranges)
 .debug_aranges
                0x00000000       0x28 ../project_bsp//obj/HAL/src/crt0.o
 .debug_aranges
                0x00000028       0x20 obj/default/source.o
 .debug_aranges
                0x00000048       0x20 ../project_bsp/\libhal_bsp.a(alt_load.o)
 .debug_aranges
                0x00000068       0x20 ../project_bsp/\libhal_bsp.a(alt_main.o)
 .debug_aranges
                0x00000088       0x20 ../project_bsp/\libhal_bsp.a(alt_usleep.o)
 .debug_aranges
                0x000000a8       0x20 ../project_bsp/\libhal_bsp.a(alt_sys_init.o)
 .debug_aranges
                0x000000c8       0x20 ../project_bsp/\libhal_bsp.a(altera_avalon_jtag_uart_fd.o)
 .debug_aranges
                0x000000e8       0x20 ../project_bsp/\libhal_bsp.a(altera_avalon_jtag_uart_read.o)
 .debug_aranges
                0x00000108       0x20 ../project_bsp/\libhal_bsp.a(altera_avalon_jtag_uart_write.o)
 .debug_aranges
                0x00000128       0x20 ../project_bsp/\libhal_bsp.a(alt_busy_sleep.o)
 .debug_aranges
                0x00000148       0x20 ../project_bsp/\libhal_bsp.a(alt_close.o)
 .debug_aranges
                0x00000168       0x20 ../project_bsp/\libhal_bsp.a(alt_dcache_flush_all.o)
 .debug_aranges
                0x00000188       0x20 ../project_bsp/\libhal_bsp.a(alt_dev.o)
 .debug_aranges
                0x000001a8       0x20 ../project_bsp/\libhal_bsp.a(alt_dev_llist_insert.o)
 .debug_aranges
                0x000001c8       0x20 ../project_bsp/\libhal_bsp.a(alt_do_ctors.o)
 .debug_aranges
                0x000001e8       0x20 ../project_bsp/\libhal_bsp.a(alt_do_dtors.o)
 .debug_aranges
                0x00000208       0x20 ../project_bsp/\libhal_bsp.a(alt_icache_flush_all.o)
 .debug_aranges
                0x00000228       0x20 ../project_bsp/\libhal_bsp.a(alt_io_redirect.o)
 .debug_aranges
                0x00000248       0x20 ../project_bsp/\libhal_bsp.a(alt_open.o)
 .debug_aranges
                0x00000268       0x20 ../project_bsp/\libhal_bsp.a(alt_release_fd.o)
 .debug_aranges
                0x00000288       0x20 ../project_bsp/\libhal_bsp.a(altera_nios2_qsys_irq.o)
 .debug_aranges
                0x000002a8       0x20 ../project_bsp/\libhal_bsp.a(alt_find_dev.o)
 .debug_aranges
                0x000002c8       0x20 ../project_bsp/\libhal_bsp.a(alt_find_file.o)
 .debug_aranges
                0x000002e8       0x20 ../project_bsp/\libhal_bsp.a(alt_get_fd.o)
 .debug_aranges
                0x00000308       0x20 c:/altera/13.0sp1/nios2eds/bin/gnu/h-i686-mingw32/bin/../lib/gcc/nios2-elf/4.1.2/../../../../nios2-elf/lib/mno-hw-mul\libsmallc.a(lib_a-atexit.o)
 .debug_aranges
                0x00000328       0x20 c:/altera/13.0sp1/nios2eds/bin/gnu/h-i686-mingw32/bin/../lib/gcc/nios2-elf/4.1.2/../../../../nios2-elf/lib/mno-hw-mul\libsmallc.a(lib_a-exit.o)
 .debug_aranges
                0x00000348       0x20 c:/altera/13.0sp1/nios2eds/bin/gnu/h-i686-mingw32/bin/../lib/gcc/nios2-elf/4.1.2/../../../../nios2-elf/lib/mno-hw-mul\libsmallc.a(lib_a-memcmp.o)
 .debug_aranges
                0x00000368       0x20 c:/altera/13.0sp1/nios2eds/bin/gnu/h-i686-mingw32/bin/../lib/gcc/nios2-elf/4.1.2/../../../../nios2-elf/lib/mno-hw-mul\libsmallc.a(lib_a-strlen.o)
 .debug_aranges
                0x00000388       0x20 c:/altera/13.0sp1/nios2eds/bin/gnu/h-i686-mingw32/bin/../lib/gcc/nios2-elf/4.1.2/../../../../nios2-elf/lib/mno-hw-mul\libsmallc.a(lib_a-__atexit.o)
 .debug_aranges
                0x000003a8       0x20 c:/altera/13.0sp1/nios2eds/bin/gnu/h-i686-mingw32/bin/../lib/gcc/nios2-elf/4.1.2/../../../../nios2-elf/lib/mno-hw-mul\libsmallc.a(lib_a-__call_atexit.o)
 .debug_aranges
                0x000003c8       0x20 c:/altera/13.0sp1/nios2eds/bin/gnu/h-i686-mingw32/bin/../lib/gcc/nios2-elf/4.1.2/mno-hw-mul\libgcc.a(lib2-divmod.o)
 .debug_aranges
                0x000003e8       0x20 c:/altera/13.0sp1/nios2eds/bin/gnu/h-i686-mingw32/bin/../lib/gcc/nios2-elf/4.1.2/mno-hw-mul\libgcc.a(lib2-mul.o)
 .debug_aranges
                0x00000408       0x20 ../project_bsp/\libhal_bsp.a(alt_exit.o)

.debug_pubnames
                0x00000000      0x5bf
 *(.debug_pubnames)
 .debug_pubnames
                0x00000000       0x1b obj/default/source.o
 .debug_pubnames
                0x0000001b       0x1f ../project_bsp/\libhal_bsp.a(alt_load.o)
 .debug_pubnames
                0x0000003a       0x46 ../project_bsp/\libhal_bsp.a(alt_main.o)
 .debug_pubnames
                0x00000080       0x1d ../project_bsp/\libhal_bsp.a(alt_usleep.o)
 .debug_pubnames
                0x0000009d       0x34 ../project_bsp/\libhal_bsp.a(alt_sys_init.o)
 .debug_pubnames
                0x000000d1       0x5b ../project_bsp/\libhal_bsp.a(altera_avalon_jtag_uart_fd.o)
 .debug_pubnames
                0x0000012c       0x33 ../project_bsp/\libhal_bsp.a(altera_avalon_jtag_uart_read.o)
 .debug_pubnames
                0x0000015f       0x34 ../project_bsp/\libhal_bsp.a(altera_avalon_jtag_uart_write.o)
 .debug_pubnames
                0x00000193       0x25 ../project_bsp/\libhal_bsp.a(alt_busy_sleep.o)
 .debug_pubnames
                0x000001b8       0x1c ../project_bsp/\libhal_bsp.a(alt_close.o)
 .debug_pubnames
                0x000001d4       0x2b ../project_bsp/\libhal_bsp.a(alt_dcache_flush_all.o)
 .debug_pubnames
                0x000001ff       0x63 ../project_bsp/\libhal_bsp.a(alt_dev.o)
 .debug_pubnames
                0x00000262       0x2b ../project_bsp/\libhal_bsp.a(alt_dev_llist_insert.o)
 .debug_pubnames
                0x0000028d       0x20 ../project_bsp/\libhal_bsp.a(alt_do_ctors.o)
 .debug_pubnames
                0x000002ad       0x20 ../project_bsp/\libhal_bsp.a(alt_do_dtors.o)
 .debug_pubnames
                0x000002cd       0x20 ../project_bsp/\libhal_bsp.a(alt_errno.o)
 .debug_pubnames
                0x000002ed       0x2b ../project_bsp/\libhal_bsp.a(alt_icache_flush_all.o)
 .debug_pubnames
                0x00000318       0x26 ../project_bsp/\libhal_bsp.a(alt_io_redirect.o)
 .debug_pubnames
                0x0000033e       0x1b ../project_bsp/\libhal_bsp.a(alt_open.o)
 .debug_pubnames
                0x00000359       0x25 ../project_bsp/\libhal_bsp.a(alt_release_fd.o)
 .debug_pubnames
                0x0000037e       0x31 ../project_bsp/\libhal_bsp.a(altera_nios2_qsys_irq.o)
 .debug_pubnames
                0x000003af       0x23 ../project_bsp/\libhal_bsp.a(alt_find_dev.o)
 .debug_pubnames
                0x000003d2       0x24 ../project_bsp/\libhal_bsp.a(alt_find_file.o)
 .debug_pubnames
                0x000003f6       0x21 ../project_bsp/\libhal_bsp.a(alt_get_fd.o)
 .debug_pubnames
                0x00000417       0x2a c:/altera/13.0sp1/nios2eds/bin/gnu/h-i686-mingw32/bin/../lib/gcc/nios2-elf/4.1.2/../../../../nios2-elf/lib/mno-hw-mul\libsmallc.a(lib_a-atexit.o)
 .debug_pubnames
                0x00000441       0x1b c:/altera/13.0sp1/nios2eds/bin/gnu/h-i686-mingw32/bin/../lib/gcc/nios2-elf/4.1.2/../../../../nios2-elf/lib/mno-hw-mul\libsmallc.a(lib_a-exit.o)
 .debug_pubnames
                0x0000045c       0x1c c:/altera/13.0sp1/nios2eds/bin/gnu/h-i686-mingw32/bin/../lib/gcc/nios2-elf/4.1.2/../../../../nios2-elf/lib/mno-hw-mul\libsmallc.a(lib_a-int_errno.o)
 .debug_pubnames
                0x00000478       0x1d c:/altera/13.0sp1/nios2eds/bin/gnu/h-i686-mingw32/bin/../lib/gcc/nios2-elf/4.1.2/../../../../nios2-elf/lib/mno-hw-mul\libsmallc.a(lib_a-memcmp.o)
 .debug_pubnames
                0x00000495       0x1d c:/altera/13.0sp1/nios2eds/bin/gnu/h-i686-mingw32/bin/../lib/gcc/nios2-elf/4.1.2/../../../../nios2-elf/lib/mno-hw-mul\libsmallc.a(lib_a-strlen.o)
 .debug_pubnames
                0x000004b2       0x2a c:/altera/13.0sp1/nios2eds/bin/gnu/h-i686-mingw32/bin/../lib/gcc/nios2-elf/4.1.2/../../../../nios2-elf/lib/mno-hw-mul\libsmallc.a(lib_a-__atexit.o)
 .debug_pubnames
                0x000004dc       0x27 c:/altera/13.0sp1/nios2eds/bin/gnu/h-i686-mingw32/bin/../lib/gcc/nios2-elf/4.1.2/../../../../nios2-elf/lib/mno-hw-mul\libsmallc.a(lib_a-__call_atexit.o)
 .debug_pubnames
                0x00000503       0x39 c:/altera/13.0sp1/nios2eds/bin/gnu/h-i686-mingw32/bin/../lib/gcc/nios2-elf/4.1.2/../../../../nios2-elf/lib/mno-hw-mul\libsmallc.a(lib_a-impure.o)
 .debug_pubnames
                0x0000053c       0x48 c:/altera/13.0sp1/nios2eds/bin/gnu/h-i686-mingw32/bin/../lib/gcc/nios2-elf/4.1.2/mno-hw-mul\libgcc.a(lib2-divmod.o)
 .debug_pubnames
                0x00000584       0x1f c:/altera/13.0sp1/nios2eds/bin/gnu/h-i686-mingw32/bin/../lib/gcc/nios2-elf/4.1.2/mno-hw-mul\libgcc.a(lib2-mul.o)
 .debug_pubnames
                0x000005a3       0x1c ../project_bsp/\libhal_bsp.a(alt_exit.o)

.debug_info     0x00000000     0x6679
 *(.debug_info .gnu.linkonce.wi.*)
 .debug_info    0x00000000       0x61 ../project_bsp//obj/HAL/src/crt0.o
 .debug_info    0x00000061      0x18e obj/default/source.o
 .debug_info    0x000001ef      0x273 ../project_bsp/\libhal_bsp.a(alt_load.o)
 .debug_info    0x00000462      0x20b ../project_bsp/\libhal_bsp.a(alt_main.o)
 .debug_info    0x0000066d      0x14e ../project_bsp/\libhal_bsp.a(alt_usleep.o)
 .debug_info    0x000007bb      0x55f ../project_bsp/\libhal_bsp.a(alt_sys_init.o)
 .debug_info    0x00000d1a      0x59f ../project_bsp/\libhal_bsp.a(altera_avalon_jtag_uart_fd.o)
 .debug_info    0x000012b9      0x2ef ../project_bsp/\libhal_bsp.a(altera_avalon_jtag_uart_read.o)
 .debug_info    0x000015a8      0x2cc ../project_bsp/\libhal_bsp.a(altera_avalon_jtag_uart_write.o)
 .debug_info    0x00001874      0x191 ../project_bsp/\libhal_bsp.a(alt_busy_sleep.o)
 .debug_info    0x00001a05      0x44d ../project_bsp/\libhal_bsp.a(alt_close.o)
 .debug_info    0x00001e52      0x142 ../project_bsp/\libhal_bsp.a(alt_dcache_flush_all.o)
 .debug_info    0x00001f94      0x665 ../project_bsp/\libhal_bsp.a(alt_dev.o)
 .debug_info    0x000025f9      0x29d ../project_bsp/\libhal_bsp.a(alt_dev_llist_insert.o)
 .debug_info    0x00002896       0xf5 ../project_bsp/\libhal_bsp.a(alt_do_ctors.o)
 .debug_info    0x0000298b       0xf4 ../project_bsp/\libhal_bsp.a(alt_do_dtors.o)
 .debug_info    0x00002a7f      0x14a ../project_bsp/\libhal_bsp.a(alt_errno.o)
 .debug_info    0x00002bc9      0x142 ../project_bsp/\libhal_bsp.a(alt_icache_flush_all.o)
 .debug_info    0x00002d0b      0x67b ../project_bsp/\libhal_bsp.a(alt_io_redirect.o)
 .debug_info    0x00003386      0x50b ../project_bsp/\libhal_bsp.a(alt_open.o)
 .debug_info    0x00003891      0x3d8 ../project_bsp/\libhal_bsp.a(alt_release_fd.o)
 .debug_info    0x00003c69      0x149 ../project_bsp/\libhal_bsp.a(altera_nios2_qsys_irq.o)
 .debug_info    0x00003db2      0x3fe ../project_bsp/\libhal_bsp.a(alt_find_dev.o)
 .debug_info    0x000041b0      0x405 ../project_bsp/\libhal_bsp.a(alt_find_file.o)
 .debug_info    0x000045b5      0x446 ../project_bsp/\libhal_bsp.a(alt_get_fd.o)
 .debug_info    0x000049fb      0x186 c:/altera/13.0sp1/nios2eds/bin/gnu/h-i686-mingw32/bin/../lib/gcc/nios2-elf/4.1.2/../../../../nios2-elf/lib/mno-hw-mul\libsmallc.a(lib_a-atexit.o)
 .debug_info    0x00004b81       0x9f c:/altera/13.0sp1/nios2eds/bin/gnu/h-i686-mingw32/bin/../lib/gcc/nios2-elf/4.1.2/../../../../nios2-elf/lib/mno-hw-mul\libsmallc.a(lib_a-exit.o)
 .debug_info    0x00004c20       0x8c c:/altera/13.0sp1/nios2eds/bin/gnu/h-i686-mingw32/bin/../lib/gcc/nios2-elf/4.1.2/../../../../nios2-elf/lib/mno-hw-mul\libsmallc.a(lib_a-int_errno.o)
 .debug_info    0x00004cac       0xef c:/altera/13.0sp1/nios2eds/bin/gnu/h-i686-mingw32/bin/../lib/gcc/nios2-elf/4.1.2/../../../../nios2-elf/lib/mno-hw-mul\libsmallc.a(lib_a-memcmp.o)
 .debug_info    0x00004d9b       0xc2 c:/altera/13.0sp1/nios2eds/bin/gnu/h-i686-mingw32/bin/../lib/gcc/nios2-elf/4.1.2/../../../../nios2-elf/lib/mno-hw-mul\libsmallc.a(lib_a-strlen.o)
 .debug_info    0x00004e5d      0x68f c:/altera/13.0sp1/nios2eds/bin/gnu/h-i686-mingw32/bin/../lib/gcc/nios2-elf/4.1.2/../../../../nios2-elf/lib/mno-hw-mul\libsmallc.a(lib_a-__atexit.o)
 .debug_info    0x000054ec      0x6d5 c:/altera/13.0sp1/nios2eds/bin/gnu/h-i686-mingw32/bin/../lib/gcc/nios2-elf/4.1.2/../../../../nios2-elf/lib/mno-hw-mul\libsmallc.a(lib_a-__call_atexit.o)
 .debug_info    0x00005bc1      0x636 c:/altera/13.0sp1/nios2eds/bin/gnu/h-i686-mingw32/bin/../lib/gcc/nios2-elf/4.1.2/../../../../nios2-elf/lib/mno-hw-mul\libsmallc.a(lib_a-impure.o)
 .debug_info    0x000061f7      0x21c c:/altera/13.0sp1/nios2eds/bin/gnu/h-i686-mingw32/bin/../lib/gcc/nios2-elf/4.1.2/mno-hw-mul\libgcc.a(lib2-divmod.o)
 .debug_info    0x00006413       0xf3 c:/altera/13.0sp1/nios2eds/bin/gnu/h-i686-mingw32/bin/../lib/gcc/nios2-elf/4.1.2/mno-hw-mul\libgcc.a(lib2-mul.o)
 .debug_info    0x00006506      0x173 ../project_bsp/\libhal_bsp.a(alt_exit.o)

.debug_abbrev   0x00000000     0x18c1
 *(.debug_abbrev)
 .debug_abbrev  0x00000000       0x12 ../project_bsp//obj/HAL/src/crt0.o
 .debug_abbrev  0x00000012       0x89 obj/default/source.o
 .debug_abbrev  0x0000009b       0x88 ../project_bsp/\libhal_bsp.a(alt_load.o)
 .debug_abbrev  0x00000123       0xb7 ../project_bsp/\libhal_bsp.a(alt_main.o)
 .debug_abbrev  0x000001da       0x5d ../project_bsp/\libhal_bsp.a(alt_usleep.o)
 .debug_abbrev  0x00000237      0x121 ../project_bsp/\libhal_bsp.a(alt_sys_init.o)
 .debug_abbrev  0x00000358       0xcb ../project_bsp/\libhal_bsp.a(altera_avalon_jtag_uart_fd.o)
 .debug_abbrev  0x00000423       0xb6 ../project_bsp/\libhal_bsp.a(altera_avalon_jtag_uart_read.o)
 .debug_abbrev  0x000004d9       0xb4 ../project_bsp/\libhal_bsp.a(altera_avalon_jtag_uart_write.o)
 .debug_abbrev  0x0000058d       0x6c ../project_bsp/\libhal_bsp.a(alt_busy_sleep.o)
 .debug_abbrev  0x000005f9       0xfb ../project_bsp/\libhal_bsp.a(alt_close.o)
 .debug_abbrev  0x000006f4       0x3f ../project_bsp/\libhal_bsp.a(alt_dcache_flush_all.o)
 .debug_abbrev  0x00000733       0xc7 ../project_bsp/\libhal_bsp.a(alt_dev.o)
 .debug_abbrev  0x000007fa       0xf6 ../project_bsp/\libhal_bsp.a(alt_dev_llist_insert.o)
 .debug_abbrev  0x000008f0       0x76 ../project_bsp/\libhal_bsp.a(alt_do_ctors.o)
 .debug_abbrev  0x00000966       0x76 ../project_bsp/\libhal_bsp.a(alt_do_dtors.o)
 .debug_abbrev  0x000009dc       0x5e ../project_bsp/\libhal_bsp.a(alt_errno.o)
 .debug_abbrev  0x00000a3a       0x3f ../project_bsp/\libhal_bsp.a(alt_icache_flush_all.o)
 .debug_abbrev  0x00000a79       0xf0 ../project_bsp/\libhal_bsp.a(alt_io_redirect.o)
 .debug_abbrev  0x00000b69      0x112 ../project_bsp/\libhal_bsp.a(alt_open.o)
 .debug_abbrev  0x00000c7b       0xc1 ../project_bsp/\libhal_bsp.a(alt_release_fd.o)
 .debug_abbrev  0x00000d3c       0x3f ../project_bsp/\libhal_bsp.a(altera_nios2_qsys_irq.o)
 .debug_abbrev  0x00000d7b       0xcf ../project_bsp/\libhal_bsp.a(alt_find_dev.o)
 .debug_abbrev  0x00000e4a       0xcf ../project_bsp/\libhal_bsp.a(alt_find_file.o)
 .debug_abbrev  0x00000f19       0xfb ../project_bsp/\libhal_bsp.a(alt_get_fd.o)
 .debug_abbrev  0x00001014       0xc6 c:/altera/13.0sp1/nios2eds/bin/gnu/h-i686-mingw32/bin/../lib/gcc/nios2-elf/4.1.2/../../../../nios2-elf/lib/mno-hw-mul\libsmallc.a(lib_a-atexit.o)
 .debug_abbrev  0x000010da       0x4e c:/altera/13.0sp1/nios2eds/bin/gnu/h-i686-mingw32/bin/../lib/gcc/nios2-elf/4.1.2/../../../../nios2-elf/lib/mno-hw-mul\libsmallc.a(lib_a-exit.o)
 .debug_abbrev  0x00001128       0x3b c:/altera/13.0sp1/nios2eds/bin/gnu/h-i686-mingw32/bin/../lib/gcc/nios2-elf/4.1.2/../../../../nios2-elf/lib/mno-hw-mul\libsmallc.a(lib_a-int_errno.o)
 .debug_abbrev  0x00001163       0x7c c:/altera/13.0sp1/nios2eds/bin/gnu/h-i686-mingw32/bin/../lib/gcc/nios2-elf/4.1.2/../../../../nios2-elf/lib/mno-hw-mul\libsmallc.a(lib_a-memcmp.o)
 .debug_abbrev  0x000011df       0x7a c:/altera/13.0sp1/nios2eds/bin/gnu/h-i686-mingw32/bin/../lib/gcc/nios2-elf/4.1.2/../../../../nios2-elf/lib/mno-hw-mul\libsmallc.a(lib_a-strlen.o)
 .debug_abbrev  0x00001259      0x196 c:/altera/13.0sp1/nios2eds/bin/gnu/h-i686-mingw32/bin/../lib/gcc/nios2-elf/4.1.2/../../../../nios2-elf/lib/mno-hw-mul\libsmallc.a(lib_a-__atexit.o)
 .debug_abbrev  0x000013ef      0x1c6 c:/altera/13.0sp1/nios2eds/bin/gnu/h-i686-mingw32/bin/../lib/gcc/nios2-elf/4.1.2/../../../../nios2-elf/lib/mno-hw-mul\libsmallc.a(lib_a-__call_atexit.o)
 .debug_abbrev  0x000015b5      0x13f c:/altera/13.0sp1/nios2eds/bin/gnu/h-i686-mingw32/bin/../lib/gcc/nios2-elf/4.1.2/../../../../nios2-elf/lib/mno-hw-mul\libsmallc.a(lib_a-impure.o)
 .debug_abbrev  0x000016f4       0xe0 c:/altera/13.0sp1/nios2eds/bin/gnu/h-i686-mingw32/bin/../lib/gcc/nios2-elf/4.1.2/mno-hw-mul\libgcc.a(lib2-divmod.o)
 .debug_abbrev  0x000017d4       0x7b c:/altera/13.0sp1/nios2eds/bin/gnu/h-i686-mingw32/bin/../lib/gcc/nios2-elf/4.1.2/mno-hw-mul\libgcc.a(lib2-mul.o)
 .debug_abbrev  0x0000184f       0x72 ../project_bsp/\libhal_bsp.a(alt_exit.o)

.debug_line     0x00000000     0x4d23
 *(.debug_line)
 .debug_line    0x00000000       0x66 ../project_bsp//obj/HAL/src/crt0.o
 .debug_line    0x00000066      0x256 obj/default/source.o
 .debug_line    0x000002bc      0x217 ../project_bsp/\libhal_bsp.a(alt_load.o)
 .debug_line    0x000004d3      0x2ca ../project_bsp/\libhal_bsp.a(alt_main.o)
 .debug_line    0x0000079d      0x202 ../project_bsp/\libhal_bsp.a(alt_usleep.o)
 .debug_line    0x0000099f      0x2a6 ../project_bsp/\libhal_bsp.a(alt_sys_init.o)
 .debug_line    0x00000c45      0x1d7 ../project_bsp/\libhal_bsp.a(altera_avalon_jtag_uart_fd.o)
 .debug_line    0x00000e1c      0x343 ../project_bsp/\libhal_bsp.a(altera_avalon_jtag_uart_read.o)
 .debug_line    0x0000115f      0x304 ../project_bsp/\libhal_bsp.a(altera_avalon_jtag_uart_write.o)
 .debug_line    0x00001463      0x25c ../project_bsp/\libhal_bsp.a(alt_busy_sleep.o)
 .debug_line    0x000016bf      0x299 ../project_bsp/\libhal_bsp.a(alt_close.o)
 .debug_line    0x00001958      0x1b5 ../project_bsp/\libhal_bsp.a(alt_dcache_flush_all.o)
 .debug_line    0x00001b0d      0x254 ../project_bsp/\libhal_bsp.a(alt_dev.o)
 .debug_line    0x00001d61      0x25a ../project_bsp/\libhal_bsp.a(alt_dev_llist_insert.o)
 .debug_line    0x00001fbb       0x83 ../project_bsp/\libhal_bsp.a(alt_do_ctors.o)
 .debug_line    0x0000203e       0x83 ../project_bsp/\libhal_bsp.a(alt_do_dtors.o)
 .debug_line    0x000020c1      0x1aa ../project_bsp/\libhal_bsp.a(alt_errno.o)
 .debug_line    0x0000226b      0x1b5 ../project_bsp/\libhal_bsp.a(alt_icache_flush_all.o)
 .debug_line    0x00002420      0x2b4 ../project_bsp/\libhal_bsp.a(alt_io_redirect.o)
 .debug_line    0x000026d4      0x2ff ../project_bsp/\libhal_bsp.a(alt_open.o)
 .debug_line    0x000029d3       0xed ../project_bsp/\libhal_bsp.a(alt_release_fd.o)
 .debug_line    0x00002ac0      0x1ce ../project_bsp/\libhal_bsp.a(altera_nios2_qsys_irq.o)
 .debug_line    0x00002c8e      0x26b ../project_bsp/\libhal_bsp.a(alt_find_dev.o)
 .debug_line    0x00002ef9      0x27c ../project_bsp/\libhal_bsp.a(alt_find_file.o)
 .debug_line    0x00003175      0x297 ../project_bsp/\libhal_bsp.a(alt_get_fd.o)
 .debug_line    0x0000340c      0x203 c:/altera/13.0sp1/nios2eds/bin/gnu/h-i686-mingw32/bin/../lib/gcc/nios2-elf/4.1.2/../../../../nios2-elf/lib/mno-hw-mul\libsmallc.a(lib_a-atexit.o)
 .debug_line    0x0000360f      0x223 c:/altera/13.0sp1/nios2eds/bin/gnu/h-i686-mingw32/bin/../lib/gcc/nios2-elf/4.1.2/../../../../nios2-elf/lib/mno-hw-mul\libsmallc.a(lib_a-exit.o)
 .debug_line    0x00003832      0x1e2 c:/altera/13.0sp1/nios2eds/bin/gnu/h-i686-mingw32/bin/../lib/gcc/nios2-elf/4.1.2/../../../../nios2-elf/lib/mno-hw-mul\libsmallc.a(lib_a-int_errno.o)
 .debug_line    0x00003a14      0x270 c:/altera/13.0sp1/nios2eds/bin/gnu/h-i686-mingw32/bin/../lib/gcc/nios2-elf/4.1.2/../../../../nios2-elf/lib/mno-hw-mul\libsmallc.a(lib_a-memcmp.o)
 .debug_line    0x00003c84      0x250 c:/altera/13.0sp1/nios2eds/bin/gnu/h-i686-mingw32/bin/../lib/gcc/nios2-elf/4.1.2/../../../../nios2-elf/lib/mno-hw-mul\libsmallc.a(lib_a-strlen.o)
 .debug_line    0x00003ed4      0x350 c:/altera/13.0sp1/nios2eds/bin/gnu/h-i686-mingw32/bin/../lib/gcc/nios2-elf/4.1.2/../../../../nios2-elf/lib/mno-hw-mul\libsmallc.a(lib_a-__atexit.o)
 .debug_line    0x00004224      0x360 c:/altera/13.0sp1/nios2eds/bin/gnu/h-i686-mingw32/bin/../lib/gcc/nios2-elf/4.1.2/../../../../nios2-elf/lib/mno-hw-mul\libsmallc.a(lib_a-__call_atexit.o)
 .debug_line    0x00004584      0x230 c:/altera/13.0sp1/nios2eds/bin/gnu/h-i686-mingw32/bin/../lib/gcc/nios2-elf/4.1.2/../../../../nios2-elf/lib/mno-hw-mul\libsmallc.a(lib_a-impure.o)
 .debug_line    0x000047b4      0x24f c:/altera/13.0sp1/nios2eds/bin/gnu/h-i686-mingw32/bin/../lib/gcc/nios2-elf/4.1.2/mno-hw-mul\libgcc.a(lib2-divmod.o)
 .debug_line    0x00004a03      0x11a c:/altera/13.0sp1/nios2eds/bin/gnu/h-i686-mingw32/bin/../lib/gcc/nios2-elf/4.1.2/mno-hw-mul\libgcc.a(lib2-mul.o)
 .debug_line    0x00004b1d      0x206 ../project_bsp/\libhal_bsp.a(alt_exit.o)

.debug_frame    0x00000000      0x6e4
 *(.debug_frame)
 .debug_frame   0x00000000       0x2c obj/default/source.o
 .debug_frame   0x0000002c       0x48 ../project_bsp/\libhal_bsp.a(alt_load.o)
 .debug_frame   0x00000074       0x2c ../project_bsp/\libhal_bsp.a(alt_main.o)
 .debug_frame   0x000000a0       0x2c ../project_bsp/\libhal_bsp.a(alt_usleep.o)
 .debug_frame   0x000000cc       0x64 ../project_bsp/\libhal_bsp.a(alt_sys_init.o)
 .debug_frame   0x00000130       0x48 ../project_bsp/\libhal_bsp.a(altera_avalon_jtag_uart_fd.o)
 .debug_frame   0x00000178       0x2c ../project_bsp/\libhal_bsp.a(altera_avalon_jtag_uart_read.o)
 .debug_frame   0x000001a4       0x2c ../project_bsp/\libhal_bsp.a(altera_avalon_jtag_uart_write.o)
 .debug_frame   0x000001d0       0x2c ../project_bsp/\libhal_bsp.a(alt_busy_sleep.o)
 .debug_frame   0x000001fc       0x48 ../project_bsp/\libhal_bsp.a(alt_close.o)
 .debug_frame   0x00000244       0x2c ../project_bsp/\libhal_bsp.a(alt_dcache_flush_all.o)
 .debug_frame   0x00000270       0x2c ../project_bsp/\libhal_bsp.a(alt_dev.o)
 .debug_frame   0x0000029c       0x48 ../project_bsp/\libhal_bsp.a(alt_dev_llist_insert.o)
 .debug_frame   0x000002e4       0x2c ../project_bsp/\libhal_bsp.a(alt_do_ctors.o)
 .debug_frame   0x00000310       0x2c ../project_bsp/\libhal_bsp.a(alt_do_dtors.o)
 .debug_frame   0x0000033c       0x2c ../project_bsp/\libhal_bsp.a(alt_icache_flush_all.o)
 .debug_frame   0x00000368       0x4c ../project_bsp/\libhal_bsp.a(alt_io_redirect.o)
 .debug_frame   0x000003b4       0x68 ../project_bsp/\libhal_bsp.a(alt_open.o)
 .debug_frame   0x0000041c       0x30 ../project_bsp/\libhal_bsp.a(alt_release_fd.o)
 .debug_frame   0x0000044c       0x2c ../project_bsp/\libhal_bsp.a(altera_nios2_qsys_irq.o)
 .debug_frame   0x00000478       0x2c ../project_bsp/\libhal_bsp.a(alt_find_dev.o)
 .debug_frame   0x000004a4       0x2c ../project_bsp/\libhal_bsp.a(alt_find_file.o)
 .debug_frame   0x000004d0       0x30 ../project_bsp/\libhal_bsp.a(alt_get_fd.o)
 .debug_frame   0x00000500       0x20 c:/altera/13.0sp1/nios2eds/bin/gnu/h-i686-mingw32/bin/../lib/gcc/nios2-elf/4.1.2/../../../../nios2-elf/lib/mno-hw-mul\libsmallc.a(lib_a-atexit.o)
 .debug_frame   0x00000520       0x2c c:/altera/13.0sp1/nios2eds/bin/gnu/h-i686-mingw32/bin/../lib/gcc/nios2-elf/4.1.2/../../../../nios2-elf/lib/mno-hw-mul\libsmallc.a(lib_a-exit.o)
 .debug_frame   0x0000054c       0x20 c:/altera/13.0sp1/nios2eds/bin/gnu/h-i686-mingw32/bin/../lib/gcc/nios2-elf/4.1.2/../../../../nios2-elf/lib/mno-hw-mul\libsmallc.a(lib_a-memcmp.o)
 .debug_frame   0x0000056c       0x20 c:/altera/13.0sp1/nios2eds/bin/gnu/h-i686-mingw32/bin/../lib/gcc/nios2-elf/4.1.2/../../../../nios2-elf/lib/mno-hw-mul\libsmallc.a(lib_a-strlen.o)
 .debug_frame   0x0000058c       0x34 c:/altera/13.0sp1/nios2eds/bin/gnu/h-i686-mingw32/bin/../lib/gcc/nios2-elf/4.1.2/../../../../nios2-elf/lib/mno-hw-mul\libsmallc.a(lib_a-__atexit.o)
 .debug_frame   0x000005c0       0x4c c:/altera/13.0sp1/nios2eds/bin/gnu/h-i686-mingw32/bin/../lib/gcc/nios2-elf/4.1.2/../../../../nios2-elf/lib/mno-hw-mul\libsmallc.a(lib_a-__call_atexit.o)
 .debug_frame   0x0000060c       0x70 c:/altera/13.0sp1/nios2eds/bin/gnu/h-i686-mingw32/bin/../lib/gcc/nios2-elf/4.1.2/mno-hw-mul\libgcc.a(lib2-divmod.o)
 .debug_frame   0x0000067c       0x20 c:/altera/13.0sp1/nios2eds/bin/gnu/h-i686-mingw32/bin/../lib/gcc/nios2-elf/4.1.2/mno-hw-mul\libgcc.a(lib2-mul.o)
 .debug_frame   0x0000069c       0x48 ../project_bsp/\libhal_bsp.a(alt_exit.o)

.debug_str      0x00000000      0xa27
 *(.debug_str)
 .debug_str     0x00000000       0x12 obj/default/source.o
 .debug_str     0x00000012       0x12 ../project_bsp/\libhal_bsp.a(alt_load.o)
 .debug_str     0x00000024       0x12 ../project_bsp/\libhal_bsp.a(alt_main.o)
 .debug_str     0x00000036       0x12 ../project_bsp/\libhal_bsp.a(alt_usleep.o)
 .debug_str     0x00000048       0x12 ../project_bsp/\libhal_bsp.a(alt_sys_init.o)
 .debug_str     0x0000005a       0x12 ../project_bsp/\libhal_bsp.a(altera_avalon_jtag_uart_read.o)
 .debug_str     0x0000006c       0x12 ../project_bsp/\libhal_bsp.a(altera_avalon_jtag_uart_write.o)
 .debug_str     0x0000007e       0x12 ../project_bsp/\libhal_bsp.a(alt_busy_sleep.o)
 .debug_str     0x00000090       0x12 ../project_bsp/\libhal_bsp.a(alt_close.o)
 .debug_str     0x000000a2       0x12 ../project_bsp/\libhal_bsp.a(alt_dcache_flush_all.o)
 .debug_str     0x000000b4       0x12 ../project_bsp/\libhal_bsp.a(alt_dev.o)
 .debug_str     0x000000c6       0x12 ../project_bsp/\libhal_bsp.a(alt_dev_llist_insert.o)
 .debug_str     0x000000d8       0x12 ../project_bsp/\libhal_bsp.a(alt_errno.o)
 .debug_str     0x000000ea       0x12 ../project_bsp/\libhal_bsp.a(alt_icache_flush_all.o)
 .debug_str     0x000000fc       0x12 ../project_bsp/\libhal_bsp.a(alt_io_redirect.o)
 .debug_str     0x0000010e       0x12 ../project_bsp/\libhal_bsp.a(alt_open.o)
 .debug_str     0x00000120       0x12 ../project_bsp/\libhal_bsp.a(altera_nios2_qsys_irq.o)
 .debug_str     0x00000132       0x12 ../project_bsp/\libhal_bsp.a(alt_find_dev.o)
 .debug_str     0x00000144       0x12 ../project_bsp/\libhal_bsp.a(alt_find_file.o)
 .debug_str     0x00000156       0x12 ../project_bsp/\libhal_bsp.a(alt_get_fd.o)
 .debug_str     0x00000168      0x19f c:/altera/13.0sp1/nios2eds/bin/gnu/h-i686-mingw32/bin/../lib/gcc/nios2-elf/4.1.2/../../../../nios2-elf/lib/mno-hw-mul\libsmallc.a(lib_a-atexit.o)
                                0x1e5 (size before relaxing)
 .debug_str     0x00000307       0x41 c:/altera/13.0sp1/nios2eds/bin/gnu/h-i686-mingw32/bin/../lib/gcc/nios2-elf/4.1.2/../../../../nios2-elf/lib/mno-hw-mul\libsmallc.a(lib_a-exit.o)
                                0x178 (size before relaxing)
 .debug_str     0x00000348       0xdc c:/altera/13.0sp1/nios2eds/bin/gnu/h-i686-mingw32/bin/../lib/gcc/nios2-elf/4.1.2/../../../../nios2-elf/lib/mno-hw-mul\libsmallc.a(lib_a-int_errno.o)
                                0x177 (size before relaxing)
 .debug_str     0x00000424       0xe9 c:/altera/13.0sp1/nios2eds/bin/gnu/h-i686-mingw32/bin/../lib/gcc/nios2-elf/4.1.2/../../../../nios2-elf/lib/mno-hw-mul\libsmallc.a(lib_a-memcmp.o)
                                0x17e (size before relaxing)
 .debug_str     0x0000050d       0x45 c:/altera/13.0sp1/nios2eds/bin/gnu/h-i686-mingw32/bin/../lib/gcc/nios2-elf/4.1.2/../../../../nios2-elf/lib/mno-hw-mul\libsmallc.a(lib_a-strlen.o)
                                0x184 (size before relaxing)
 .debug_str     0x00000552      0x2b0 c:/altera/13.0sp1/nios2eds/bin/gnu/h-i686-mingw32/bin/../lib/gcc/nios2-elf/4.1.2/../../../../nios2-elf/lib/mno-hw-mul\libsmallc.a(lib_a-__atexit.o)
                                0x467 (size before relaxing)
 .debug_str     0x00000802       0x7e c:/altera/13.0sp1/nios2eds/bin/gnu/h-i686-mingw32/bin/../lib/gcc/nios2-elf/4.1.2/../../../../nios2-elf/lib/mno-hw-mul\libsmallc.a(lib_a-__call_atexit.o)
                                0x491 (size before relaxing)
 .debug_str     0x00000880       0x49 c:/altera/13.0sp1/nios2eds/bin/gnu/h-i686-mingw32/bin/../lib/gcc/nios2-elf/4.1.2/../../../../nios2-elf/lib/mno-hw-mul\libsmallc.a(lib_a-impure.o)
                                0x45d (size before relaxing)
 .debug_str     0x000008c9      0x10b c:/altera/13.0sp1/nios2eds/bin/gnu/h-i686-mingw32/bin/../lib/gcc/nios2-elf/4.1.2/mno-hw-mul\libgcc.a(lib2-divmod.o)
                                0x1b4 (size before relaxing)
 .debug_str     0x000009d4       0x37 c:/altera/13.0sp1/nios2eds/bin/gnu/h-i686-mingw32/bin/../lib/gcc/nios2-elf/4.1.2/mno-hw-mul\libgcc.a(lib2-mul.o)
                                0x175 (size before relaxing)
 .debug_str     0x00000a0b       0x1c ../project_bsp/\libhal_bsp.a(alt_exit.o)

.debug_loc      0x00000000      0xbc2
 *(.debug_loc)
 .debug_loc     0x00000000       0x2b obj/default/source.o
 .debug_loc     0x0000002b       0x56 ../project_bsp/\libhal_bsp.a(alt_load.o)
 .debug_loc     0x00000081       0x2b ../project_bsp/\libhal_bsp.a(alt_main.o)
 .debug_loc     0x000000ac       0x2b ../project_bsp/\libhal_bsp.a(alt_usleep.o)
 .debug_loc     0x000000d7       0x81 ../project_bsp/\libhal_bsp.a(alt_sys_init.o)
 .debug_loc     0x00000158       0x56 ../project_bsp/\libhal_bsp.a(altera_avalon_jtag_uart_fd.o)
 .debug_loc     0x000001ae       0x2b ../project_bsp/\libhal_bsp.a(altera_avalon_jtag_uart_read.o)
 .debug_loc     0x000001d9       0x2b ../project_bsp/\libhal_bsp.a(altera_avalon_jtag_uart_write.o)
 .debug_loc     0x00000204       0x2b ../project_bsp/\libhal_bsp.a(alt_busy_sleep.o)
 .debug_loc     0x0000022f       0x56 ../project_bsp/\libhal_bsp.a(alt_close.o)
 .debug_loc     0x00000285       0x2b ../project_bsp/\libhal_bsp.a(alt_dcache_flush_all.o)
 .debug_loc     0x000002b0       0x2b ../project_bsp/\libhal_bsp.a(alt_dev.o)
 .debug_loc     0x000002db       0x56 ../project_bsp/\libhal_bsp.a(alt_dev_llist_insert.o)
 .debug_loc     0x00000331       0x2b ../project_bsp/\libhal_bsp.a(alt_do_ctors.o)
 .debug_loc     0x0000035c       0x2b ../project_bsp/\libhal_bsp.a(alt_do_dtors.o)
 .debug_loc     0x00000387       0x2b ../project_bsp/\libhal_bsp.a(alt_icache_flush_all.o)
 .debug_loc     0x000003b2       0x56 ../project_bsp/\libhal_bsp.a(alt_io_redirect.o)
 .debug_loc     0x00000408       0x81 ../project_bsp/\libhal_bsp.a(alt_open.o)
 .debug_loc     0x00000489       0x2b ../project_bsp/\libhal_bsp.a(alt_release_fd.o)
 .debug_loc     0x000004b4       0x2b ../project_bsp/\libhal_bsp.a(altera_nios2_qsys_irq.o)
 .debug_loc     0x000004df       0x2b ../project_bsp/\libhal_bsp.a(alt_find_dev.o)
 .debug_loc     0x0000050a       0x2b ../project_bsp/\libhal_bsp.a(alt_find_file.o)
 .debug_loc     0x00000535       0x2b ../project_bsp/\libhal_bsp.a(alt_get_fd.o)
 .debug_loc     0x00000560       0x1e c:/altera/13.0sp1/nios2eds/bin/gnu/h-i686-mingw32/bin/../lib/gcc/nios2-elf/4.1.2/../../../../nios2-elf/lib/mno-hw-mul\libsmallc.a(lib_a-atexit.o)
 .debug_loc     0x0000057e       0x3d c:/altera/13.0sp1/nios2eds/bin/gnu/h-i686-mingw32/bin/../lib/gcc/nios2-elf/4.1.2/../../../../nios2-elf/lib/mno-hw-mul\libsmallc.a(lib_a-exit.o)
 .debug_loc     0x000005bb       0x70 c:/altera/13.0sp1/nios2eds/bin/gnu/h-i686-mingw32/bin/../lib/gcc/nios2-elf/4.1.2/../../../../nios2-elf/lib/mno-hw-mul\libsmallc.a(lib_a-memcmp.o)
 .debug_loc     0x0000062b       0x1e c:/altera/13.0sp1/nios2eds/bin/gnu/h-i686-mingw32/bin/../lib/gcc/nios2-elf/4.1.2/../../../../nios2-elf/lib/mno-hw-mul\libsmallc.a(lib_a-strlen.o)
 .debug_loc     0x00000649      0x141 c:/altera/13.0sp1/nios2eds/bin/gnu/h-i686-mingw32/bin/../lib/gcc/nios2-elf/4.1.2/../../../../nios2-elf/lib/mno-hw-mul\libsmallc.a(lib_a-__atexit.o)
 .debug_loc     0x0000078a      0x1c1 c:/altera/13.0sp1/nios2eds/bin/gnu/h-i686-mingw32/bin/../lib/gcc/nios2-elf/4.1.2/../../../../nios2-elf/lib/mno-hw-mul\libsmallc.a(lib_a-__call_atexit.o)
 .debug_loc     0x0000094b      0x1d2 c:/altera/13.0sp1/nios2eds/bin/gnu/h-i686-mingw32/bin/../lib/gcc/nios2-elf/4.1.2/mno-hw-mul\libgcc.a(lib2-divmod.o)
 .debug_loc     0x00000b1d       0x4f c:/altera/13.0sp1/nios2eds/bin/gnu/h-i686-mingw32/bin/../lib/gcc/nios2-elf/4.1.2/mno-hw-mul\libgcc.a(lib2-mul.o)
 .debug_loc     0x00000b6c       0x56 ../project_bsp/\libhal_bsp.a(alt_exit.o)

.debug_macinfo
 *(.debug_macinfo)

.debug_weaknames
 *(.debug_weaknames)

.debug_funcnames
 *(.debug_funcnames)

.debug_typenames
 *(.debug_typenames)

.debug_varnames
 *(.debug_varnames)

.debug_alt_sim_info
                0x00000000       0x40
 *(.debug_alt_sim_info)
 .debug_alt_sim_info
                0x00000000       0x10 ../project_bsp//obj/HAL/src/crt0.o
 .debug_alt_sim_info
                0x00000010       0x30 ../project_bsp/\libhal_bsp.a(alt_busy_sleep.o)
                0x00010000                __alt_data_end = 0x10000
                0x00010000                PROVIDE (__alt_stack_pointer, __alt_data_end)
                0x00009e04                PROVIDE (__alt_stack_limit, __alt_stack_base)
                0x00009e04                PROVIDE (__alt_heap_start, end)
                0x00010000                PROVIDE (__alt_heap_limit, 0x10000)
OUTPUT(project.elf elf32-littlenios2)

.debug_ranges   0x00000000       0x38
 .debug_ranges  0x00000000       0x20 ../project_bsp//obj/HAL/src/crt0.o
 .debug_ranges  0x00000020       0x18 c:/altera/13.0sp1/nios2eds/bin/gnu/h-i686-mingw32/bin/../lib/gcc/nios2-elf/4.1.2/../../../../nios2-elf/lib/mno-hw-mul\libsmallc.a(lib_a-__call_atexit.o)
